
-------------------------------------------------------------------------------
   ROBOCOPY     ::     Robust File Copy for Windows                              
-------------------------------------------------------------------------------

  Started : 02 October 2026 15:57:57
   Source : P:\nancy-and-ronald-maxwell\documents\sea-captains-chest\diaries-content\files\
     Dest : P:\nancy-and-ronald-maxwell\documents\sea-captains-chest\diaries-content\.0031-step10-seed-files-development-common-20261002-155755\

    Files : *.*
	    
 Exc Dirs : P:\nancy-and-ronald-maxwell\documents\sea-captains-chest\diaries-content\files\.image-staging
	    
  Options : *.* /TEE /S /E /DCOPY:DAT /COPY:DAT /NP /XJ /R:2 /W:2 

------------------------------------------------------------------------------

	                   0	P:\nancy-and-ronald-maxwell\documents\sea-captains-chest\diaries-content\files\
	  New Dir          1	P:\nancy-and-ronald-maxwell\documents\sea-captains-chest\diaries-content\files\diary-1828-and-1829-and-jan-1830\
	    New File  		   19456	Thumbs.db
	  New Dir         46	P:\nancy-and-ronald-maxwell\documents\sea-captains-chest\diaries-content\files\diary-1828-and-1829-and-jan-1830\images\
	    New File  		   95227	bugsbys_reach.jpg
	    New File  		   97518	img2840-image-map-whitley-park.jpg
	    New File  		  378089	img2841-image-map-commercial-hotel.jpg
	    New File  		   45891	img2842-image-broomville-house.jpg
	    New File  		   64933	img2842-image-clogrennane-house.jpg
	    New File  		  349100	img2842-image-map-carlow.jpg
	    New File  		  430776	img2842-image-map-dublin.jpg
	    New File  		  283417	img2842-image-map-tynemouth-to-carlow.jpg
	    New File  		  222697	img2852-image-black-middens.jpg
	    New File  		  234230	img2852-image-hope-voyage.jpg
	    New File  		  610224	img2855-image-appuldurcombe-house.jpg
	    New File  		  235096	img2855-image-isle-of-wight.jpg
	    New File  		  755486	img2855-image-navarino-house-map.png
	    New File  		  398835	img2855-image-navarino-house.jpg
	    New File  		  166161	img2860-image-map-alnwick-tyneside.jpg
	    New File  		   1.3 m	img2885-image-baltic-map.png
	    New File  		  839354	img2885-image-copenhagen-large-map.png
	    New File  		   1.2 m	img2885-image-copenhagen-map.png
	    New File  		   1.0 m	img2891-image-copenhagen-east.png
	    New File  		   1.0 m	img2892-image-baltic.png
	    New File  		   18532	img2893-image-kopu-lighthouse.jpg
	    New File  		   3.6 m	img2900-image-hermitage.png
	    New File  		  155149	img2900-image-room-plan.png
	    New File  		  196108	img2900-image-san_pietroburgo_ermitage_02_palazzo_inverno_jpg_1200_630_cover_85.jpg
	    New File  		  869810	img2900-image-st-petersburg-map-large.png
	    New File  		   1.2 m	img2900-image-st-petersburg-map.png
	    New File  		  243122	img2900-image-the-jordan-staircase-state-hermitage-museum-st-petersburg-russia-B2KPFE.jpg
	    New File  		  105667	img2900-peter-and-paul-cathedral-st-petersburg.jpg
	    New File  		  869810	img2900-st-petersburg-map-large.png
	    New File  		  407064	img2903-image-alexander-nevsky-monastery-st-petersburg-5.jpg
	    New File  		  212912	img2903-image-main-entrance-to-alexander-nevsky-monastery-in-st-petersburg.jpg
	    New File  		   3.6 m	img2903-image-st-isaac-church.png
	    New File  		 1021328	img2903-image-st-petersberg-alexander-nevsky-lavra-private-tour-528435.jpg
	    New File  		   21408	img2910-commodore-trunnion-and-jack-hatchway.jpg
	    New File  		   20197	img2910-peregrine-pickle-1st-edition.png
	    New File  		   1.2 m	img2920-image-map-london.png
	    New File  		   3.2 m	img2920-the-cock-fleet-street-london.png
	    New File  		   83976	img2920-WhiteHorse1896.jpg
	    New File  		  134496	img2926-burnhopeside-hall.jpg
	    New File  		  353613	img2926-lanchester-church.jpg
	    New File  		  293843	img2927-the-kings-head-lanchester.jpg
	    New File  		   66232	Lucia_Elizabeth_Vestris_by_Robert_William_Buss.jpg
	    New File  		  726197	original-st-petersburg-map-large.png
	    New File  		  971278	original-st-petersburg-map.png
	    New File  		  706924	the-tynemouth-lodge-hotel.jpg
	    New File  		  522752	Thumbs.db
	  New Dir          0	P:\nancy-and-ronald-maxwell\documents\sea-captains-chest\diaries-content\files\diary-1830\
	  New Dir         13	P:\nancy-and-ronald-maxwell\documents\sea-captains-chest\diaries-content\files\diary-1830\images\
	    New File  		  396786	dockwray square view.jpg
	    New File  		  473518	eldon-square.jpg
	    New File  		  204196	herd-groyn.jpg
	    New File  		   6.6 m	img2221.jpg
	    New File  		  283246	img2373-map.jpg
	    New File  		  551721	img2381-image-map.jpg
	    New File  		   73135	img2390-image-bullring.png
	    New File  		  225448	img2394-image-eldon-square-2.jpg
	    New File  		  631877	img2398-image-archangel-map.png
	    New File  		  424178	map3.jpg
	    New File  		  351622	map4.jpg
	    New File  		    1829	Screenshot 2026-09-25 121352.png
	    New File  		  136192	Thumbs.db
	  New Dir          0	P:\nancy-and-ronald-maxwell\documents\sea-captains-chest\diaries-content\files\diary-1831\
	  New Dir         23	P:\nancy-and-ronald-maxwell\documents\sea-captains-chest\diaries-content\files\diary-1831\images\
	    New File  		  917535	img2734-doodle-on-blotting-paper.jpg
	    New File  		   3.9 m	img2753-white-swan-alnwick.png
	    New File  		   5.8 m	img2754-castle-alnwick.png
	    New File  		   3.6 m	img2754-the-bull-alnwick.png
	    New File  		   1.3 m	img2755-bondgate-hall.png
	    New File  		   4.7 m	img2758-charlotte-square-newcastle.png
	    New File  		   3.6 m	img2758-northumberland-alms-tynemouth.png
	    New File  		  752096	img2761-brandon-white-house.png
	    New File  		   2.3 m	img2762-north-shields-walk.png
	    New File  		  634169	img2767-hms-samarang.jpg
	    New File  		   44517	img2769-archibald-reed.jpg
	    New File  		  138217	img2780-cross-keys-hull.jpg
	    New File  		   2.5 m	img2783-black-swan-york.png
	    New File  		   36884	img2787-croquet-island.jpg
	    New File  		   3.1 m	img2788-hermitage-inn-warkworth.png
	    New File  		   4.3 m	img2788-hermitage-warkworth.png
	    New File  		   23442	img2791-northumberland-house-london.jpg
	    New File  		  418261	img2792-baths-southampton.jpg
	    New File  		  378441	img2792-pier-southampton.jpg
	    New File  		   4.0 m	img2798-crown-and-septre-london.png
	    New File  		  193051	img2799-coronation-william-4th.jpg
	    New File  		   4.0 m	img2805-blue-posts-pub.png
	    New File  		   27359	img2805-launch-of-hms-thunderer.jpg
	  New Dir          0	P:\nancy-and-ronald-maxwell\documents\sea-captains-chest\diaries-content\files\diary-1832\
	  New Dir          3	P:\nancy-and-ronald-maxwell\documents\sea-captains-chest\diaries-content\files\diary-1832\images\
	    New File  		   3.3 m	img2982-note-at-front-of-diary.jpg
	    New File  		  559740	img3018-murder-of-nicholas-fairles.jpg
	    New File  		   19968	Thumbs.db
	  New Dir          0	P:\nancy-and-ronald-maxwell\documents\sea-captains-chest\diaries-content\files\diary-1834\
	  New Dir          3	P:\nancy-and-ronald-maxwell\documents\sea-captains-chest\diaries-content\files\diary-1834\images\
	    New File  		  171743	Benton-Park-House.jpg
	    New File  		   3.3 m	img2982-note-at-front-of-diary.jpg
	    New File  		  385092	img2994-burnhopeside-hall.jpg

------------------------------------------------------------------------------

               Total    Copied   Skipped  Mismatch    FAILED    Extras
    Dirs :        12        10         2         0         0         0
   Files :        89        89         0         0         0         0
   Bytes :   95.39 m   95.39 m         0         0         0         0
   Times :   0:00:01   0:00:00                       0:00:00   0:00:00


   Speed :           104,092,378 Bytes/sec.
   Speed :             5,956.214 MegaBytes/min.
   Ended : 02 October 2026 15:57:59

