SET
DO
CREATE TABLE
psql:/tmp/migration/assert-schema.sql:11: NOTICE:  column "image_id" of relation "_0025_expected" already exists, skipping
ALTER TABLE
ALTER TABLE
psql:/tmp/migration/assert-schema.sql:12: NOTICE:  constraint "expected_type" of relation "_0025_expected" does not exist, skipping
ALTER TABLE
psql:/tmp/migration/assert-schema.sql:13: NOTICE:  constraint "expected_reference" of relation "_0025_expected" does not exist, skipping
psql:/tmp/migration/assert-schema.sql:14: NOTICE:  constraint "expected_type_varchar" of relation "_0025_expected" does not exist, skipping
ALTER TABLE
ALTER TABLE
ALTER TABLE
ALTER TABLE
DO
{"page": [683, "fd08505c6ada236ecfeef0689fbccdee"], "diary": [10, "4c94f56677d2e5286161a1a80e22de03"], "image": [1, "2e484da3e8e1c6dc8d8fdb217d8ac912"], "marquee": [2269, "24f7c955b2fc070b3c48b4fc24212649"], "fragment": [2330, "8a9b47f17202e0fc4eb911a566ecdc7e"], "references": "aba684d94f1f02abfd6abe1d65fc3d78"}
0025 PREFLIGHT PASS
BEGIN
SET
SET
 pg_advisory_xact_lock 
-----------------------
 
(1 row)

LOCK TABLE
LOCK TABLE
DO
CREATE TABLE
psql:/tmp/migration/assert-schema.sql:10: NOTICE:  relation "_0025_expected" already exists, skipping
psql:/tmp/migration/assert-schema.sql:11: NOTICE:  column "image_id" of relation "_0025_expected" already exists, skipping
ALTER TABLE
ALTER TABLE
ALTER TABLE
ALTER TABLE
ALTER TABLE
ALTER TABLE
ALTER TABLE
DO
{"page": [683, "fd08505c6ada236ecfeef0689fbccdee"], "diary": [10, "4c94f56677d2e5286161a1a80e22de03"], "image": [1, "2e484da3e8e1c6dc8d8fdb217d8ac912"], "marquee": [2269, "24f7c955b2fc070b3c48b4fc24212649"], "fragment": [2330, "8a9b47f17202e0fc4eb911a566ecdc7e"], "references": "aba684d94f1f02abfd6abe1d65fc3d78"}
ALTER TABLE
psql:/tmp/migration/002-add-fragment-image-reference.sql:21: NOTICE:  column "image_id" of relation "fragment" already exists, skipping
DO
psql:/tmp/migration/002-add-fragment-image-reference.sql:30: NOTICE:  relation "fragment_image_id_idx" already exists, skipping
CREATE INDEX
ALTER TABLE
ALTER TABLE
DO
psql:/tmp/migration/assert-schema.sql:10: NOTICE:  relation "_0025_expected" already exists, skipping
CREATE TABLE
ALTER TABLE
psql:/tmp/migration/assert-schema.sql:11: NOTICE:  column "image_id" of relation "_0025_expected" already exists, skipping
ALTER TABLE
ALTER TABLE
ALTER TABLE
ALTER TABLE
ALTER TABLE
ALTER TABLE
DO
DO
{"page": [683, "fd08505c6ada236ecfeef0689fbccdee"], "diary": [10, "4c94f56677d2e5286161a1a80e22de03"], "image": [1, "2e484da3e8e1c6dc8d8fdb217d8ac912"], "marquee": [2269, "24f7c955b2fc070b3c48b4fc24212649"], "fragment": [2330, "8a9b47f17202e0fc4eb911a566ecdc7e"], "references": "aba684d94f1f02abfd6abe1d65fc3d78"}
0025 POSTFLIGHT PASS: all original rows and references preserved
COMMIT
0025 APPLY PASS
DO
psql:/tmp/migration/assert-schema.sql:10: NOTICE:  relation "_0025_expected" already exists, skipping
CREATE TABLE
ALTER TABLE
psql:/tmp/migration/assert-schema.sql:11: NOTICE:  column "image_id" of relation "_0025_expected" already exists, skipping
ALTER TABLE
ALTER TABLE
ALTER TABLE
ALTER TABLE
ALTER TABLE
ALTER TABLE
DO
DO
{"page": [683, "fd08505c6ada236ecfeef0689fbccdee"], "diary": [10, "4c94f56677d2e5286161a1a80e22de03"], "image": [1, "2e484da3e8e1c6dc8d8fdb217d8ac912"], "marquee": [2269, "24f7c955b2fc070b3c48b4fc24212649"], "fragment": [2330, "8a9b47f17202e0fc4eb911a566ecdc7e"], "references": "aba684d94f1f02abfd6abe1d65fc3d78"}
0025 POSTFLIGHT PASS: all original rows and references preserved
