> Task :diaries-web:compileJava UP-TO-DATE
> Task :diaries-web:generateBuildInfo
> Task :diaries-web:processResources
> Task :diaries-web:classes
> Task :diaries-web:compileTestJava UP-TO-DATE
> Task :diaries-web:processTestResources UP-TO-DATE
> Task :diaries-web:testClasses UP-TO-DATE
> Task :diaries-web:compile0026Baseline

> Task :diaries-web:run0026Baseline
2026-09-28T08:46:42,615 INFO  [diaries-web-projection] c.r.d.w.p.ProjectionService - Starting retained replay generation 1 (reconnect=false)
2026-09-28T08:46:42,668 INFO  [diaries-web-projection] c.r.d.w.p.ProjectionService - Published replay generation 1 as snapshot 1 (diaries=3, pages=3, fragments=3, marquees=3)
2026-09-28T08:46:43,063 INFO  [main] i.j.Javalin - Starting Javalin ...
2026-09-28T08:46:43,140 INFO  [main] i.j.Javalin - 
       __                  ___          _____
      / /___ __   ______ _/ (_)___     /__  /
SLF4J(I): Connected with provider of type [org.apache.logging.slf4j.SLF4JServiceProvider]
 __  / / __ `/ | / / __ `/ / / __ \      / /
/ /_/ / /_/ /| |/ / /_/ / / / / / /     / /
\____/\__,_/ |___/\__,_/_/_/_/ /_/     /_/

       https://javalin.io/documentation

2026-09-28T08:46:43,140 INFO  [main] i.j.Javalin - Javalin started in 269ms \o/
2026-09-28T08:46:43,142 INFO  [main] i.j.Javalin - Listening on http://127.0.0.1:18082/
2026-09-28T08:46:43,148 INFO  [main] i.j.Javalin - You are running Javalin 7.2.3 (released August 11, 2026).
2026-09-28T08:46:43,148 INFO  [main] c.r.d.w.h.WebServer - diaries-web HTTP server listening on 127.0.0.1:18082
0026 baseline ready: http://127.0.0.1:18082; stop using C:\Users\Richard\git\github.com\rsmaxwell\diaries-application\diaries\diaries-web\build\0026-baseline\stop
2026-09-28T08:48:35,768 INFO  [main] i.j.Javalin - Stopping Javalin ...
2026-09-28T08:48:35,777 INFO  [main] i.j.Javalin - Javalin has stopped
0026 owned HTTP services closed; temporary image directory removed.

BUILD SUCCESSFUL in 1m 56s
7 actionable tasks: 4 executed, 3 up-to-date
