
> diaries-client@0.0.0 prebuild
> npm run generate-build-info


> diaries-client@0.0.0 generate-build-info
> node scripts/generate-build-info.js

Generated client build information: C:\Users\Richard\git\github.com\rsmaxwell\diaries-application\diaries\diaries-client\public\assets\build-info.json
Client version: 0.0.9-SNAPSHOT

> diaries-client@0.0.0 build
> ng build

> Building...
√ Building...
Initial chunk files | Names                    |  Raw size
main.js             | main                     |   3.57 MB | 
chunk-YQHFTTH7.js   | -                        | 883.24 kB | 
polyfills.js        | polyfills                |  89.77 kB | 
styles.css          | styles                   |  62.08 kB | 
chunk-I62FR4CF.js   | -                        |   5.62 kB | 

                    | Initial total            |   4.61 MB

Lazy chunk files    | Names                    |  Raw size
chunk-PXF3EY7H.js   | ngx-quill-quill-CUw8Q_m0 | 423.29 kB | 
chunk-XDZZZOX5.js   | browser                  | 155.12 kB | 

Application bundle generation complete. [4.423 seconds]

Output location: C:\Users\Richard\git\github.com\rsmaxwell\diaries-application\diaries\diaries-client\dist\diaries-client

