node:internal/assert/utils:281
    throw err;
    ^

AssertionError [ERR_ASSERTION]: canonical JSON decoder missing
    at Object.<anonymous> (C:\Users\Richard\git\github.com\rsmaxwell\diaries-application\diaries\change-control\in-progress\0025-FEAT - add responder ImageFragment persistence and RPC\evidence\Step 14\deployed-client-probe.cjs:15:9)
    at Module._compile (node:internal/modules/cjs/loader:1730:14)
    at Object..js (node:internal/modules/cjs/loader:1895:10)
    at Module.load (node:internal/modules/cjs/loader:1465:32)
    at Function._load (node:internal/modules/cjs/loader:1282:12)
    at TracingChannel.traceSync (node:diagnostics_channel:322:14)
    at wrapModuleLoad (node:internal/modules/cjs/loader:235:24)
    at Function.executeUserEntryPoint [as runMain] (node:internal/modules/run_main:171:5)
    at node:internal/main/run_main_module:36:49 {
  generatedMessage: false,
  code: 'ERR_ASSERTION',
  actual: undefined,
  expected: true,
  operator: '=='
}

Node.js v22.16.0
