19:02:59.995 [main] INFO  com.rsmaxwell.diaries.responder.sync.Synchronise - sizeof(topicTreeMap) = 0
19:02:59.995 [main] INFO  com.rsmaxwell.diaries.responder.sync.Synchronise - sizeof(databaseMap) = 10572
19:03:01.947 [main] INFO  com.rsmaxwell.diaries.responder.sync.Synchronise - synchronise: ok
19:03:02.766 [MQTT Call: listener] INFO  com.rsmaxwell.diaries.responder.utilities.MyMessageHandler - Connected, subscribing to: 'diaries/rpc/request'
19:03:08.321 [MQTT Call: listener] INFO  com.rsmaxwell.mqtt.rpc.responder.MessageHandler - Sending status:  {"code":200,"message":"ok"}
19:03:10.397 [MQTT Call: listener] INFO  com.rsmaxwell.mqtt.rpc.responder.MessageHandler - Sending status:  {"code":200,"message":"ok"}
19:03:10.476 [MQTT Call: listener] INFO  com.rsmaxwell.mqtt.rpc.responder.MessageHandler - Sending status:  {"code":200,"message":"ok"}
19:03:10.496 [MQTT Call: listener] INFO  com.rsmaxwell.mqtt.rpc.responder.MessageHandler - Sending status:  {"code":200,"message":"ok"}
19:03:10.704 [MQTT Call: listener] INFO  com.rsmaxwell.mqtt.rpc.responder.MessageHandler - Sending status:  {"code":200,"message":"ok"}
19:03:10.751 [MQTT Call: listener] INFO  com.rsmaxwell.mqtt.rpc.responder.MessageHandler - Sending status:  {"code":200,"message":"ok"}
19:03:11.306 [MQTT Call: listener] INFO  com.rsmaxwell.mqtt.rpc.responder.MessageHandler - Sending status:  {"code":200,"message":"ok"}
19:03:11.384 [MQTT Call: listener] INFO  com.rsmaxwell.mqtt.rpc.responder.MessageHandler - Sending status:  {"code":200,"message":"ok"}
19:03:11.428 [MQTT Call: listener] INFO  com.rsmaxwell.mqtt.rpc.responder.MessageHandler - Sending status:  {"code":200,"message":"ok"}
19:03:11.935 [MQTT Call: listener] INFO  com.rsmaxwell.mqtt.rpc.responder.MessageHandler - Sending status:  {"code":200,"message":"ok"}
19:03:11.998 [MQTT Call: listener] INFO  com.rsmaxwell.mqtt.rpc.responder.MessageHandler - Sending status:  {"code":200,"message":"ok"}
19:03:12.006 [MQTT Call: listener] INFO  com.rsmaxwell.mqtt.rpc.responder.MessageHandler - Sending status:  {"code":200,"message":"ok"}
19:03:13.532 [MQTT Call: listener] INFO  com.rsmaxwell.mqtt.rpc.responder.MessageHandler - Sending status:  {"code":409,"message":"conflict"}
19:03:13.576 [MQTT Call: listener] INFO  com.rsmaxwell.mqtt.rpc.responder.MessageHandler - Sending status:  {"code":409,"message":"conflict"}
19:03:13.618 [MQTT Call: listener] INFO  com.rsmaxwell.mqtt.rpc.responder.MessageHandler - Sending status:  {"code":409,"message":"conflict"}
19:03:13.661 [MQTT Call: listener] INFO  com.rsmaxwell.mqtt.rpc.responder.MessageHandler - Sending status:  {"code":409,"message":"conflict"}
19:03:13.706 [MQTT Call: listener] INFO  com.rsmaxwell.mqtt.rpc.responder.MessageHandler - Sending status:  {"code":400,"message":"bad request"}
19:03:16.146 [MQTT Call: listener] INFO  com.rsmaxwell.mqtt.rpc.responder.MessageHandler - Sending status:  {"code":409,"message":"conflict"}
19:04:28.579 [main] INFO  com.rsmaxwell.diaries.responder.sync.Synchronise - sizeof(topicTreeMap) = 10575
19:04:28.580 [main] INFO  com.rsmaxwell.diaries.responder.sync.Synchronise - sizeof(databaseMap) = 10648
19:04:28.686 [main] INFO  com.rsmaxwell.diaries.responder.sync.Synchronise - synchronise: ok
19:04:29.512 [MQTT Call: listener] INFO  com.rsmaxwell.diaries.responder.utilities.MyMessageHandler - Connected, subscribing to: 'diaries/rpc/request'
19:04:42.499 [main] INFO  com.rsmaxwell.diaries.responder.sync.Synchronise - sizeof(topicTreeMap) = 10648
19:04:42.499 [main] INFO  com.rsmaxwell.diaries.responder.sync.Synchronise - sizeof(databaseMap) = 10648
19:04:42.528 [main] INFO  com.rsmaxwell.diaries.responder.sync.Synchronise - synchronise: ok
19:04:43.345 [MQTT Call: listener] INFO  com.rsmaxwell.diaries.responder.utilities.MyMessageHandler - Connected, subscribing to: 'diaries/rpc/request'
19:04:45.454 [MQTT Call: listener] INFO  com.rsmaxwell.mqtt.rpc.responder.MessageHandler - Sending status:  {"code":200,"message":"ok"}
19:04:45.601 [MQTT Call: listener] INFO  com.rsmaxwell.mqtt.rpc.responder.MessageHandler - Sending status:  {"code":200,"message":"ok"}
19:04:47.498 [MQTT Call: listener] INFO  com.rsmaxwell.mqtt.rpc.responder.MessageHandler - Sending status:  {"code":200,"message":"ok"}
